===
name: custom directive
options: default
--- INPUT ---
<div v-focus></div>
--- OUTPUT ---
import { resolveDirective as _resolveDirective, withDirectives as _withDirectives, openBlock as _openBlock, createElementBlock as _createElementBlock } from "vue"

export function render(_ctx, _cache) {
  const _directive_focus = _resolveDirective("focus")

  return _withDirectives((_openBlock(), _createElementBlock("div", null, null, 512 /* NEED_PATCH */)), [
    [_directive_focus]
  ])
}

===
name: custom directive with value
options: default
--- INPUT ---
<div v-highlight="color"></div>
--- OUTPUT ---
import { resolveDirective as _resolveDirective, withDirectives as _withDirectives, openBlock as _openBlock, createElementBlock as _createElementBlock } from "vue"

export function render(_ctx, _cache) {
  const _directive_highlight = _resolveDirective("highlight")

  return _withDirectives((_openBlock(), _createElementBlock("div", null, null, 512 /* NEED_PATCH */)), [
    [_directive_highlight, _ctx.color]
  ])
}

===
name: custom directive with literal
options: default
--- INPUT ---
<div v-highlight="'yellow'"></div>
--- OUTPUT ---
import { resolveDirective as _resolveDirective, withDirectives as _withDirectives, openBlock as _openBlock, createElementBlock as _createElementBlock } from "vue"

export function render(_ctx, _cache) {
  const _directive_highlight = _resolveDirective("highlight")

  return _withDirectives((_openBlock(), _createElementBlock("div", null, null, 512 /* NEED_PATCH */)), [
    [_directive_highlight, 'yellow']
  ])
}

===
name: custom directive with object
options: default
--- INPUT ---
<div v-pin="{ top: 10, left: 20 }"></div>
--- OUTPUT ---
import { resolveDirective as _resolveDirective, withDirectives as _withDirectives, openBlock as _openBlock, createElementBlock as _createElementBlock } from "vue"

export function render(_ctx, _cache) {
  const _directive_pin = _resolveDirective("pin")

  return _withDirectives((_openBlock(), _createElementBlock("div", null, null, 512 /* NEED_PATCH */)), [
    [_directive_pin, { top: 10, left: 20 }]
  ])
}

===
name: directive with argument
options: default
--- INPUT ---
<div v-scroll:top="value"></div>
--- OUTPUT ---
import { resolveDirective as _resolveDirective, withDirectives as _withDirectives, openBlock as _openBlock, createElementBlock as _createElementBlock } from "vue"

export function render(_ctx, _cache) {
  const _directive_scroll = _resolveDirective("scroll")

  return _withDirectives((_openBlock(), _createElementBlock("div", null, null, 512 /* NEED_PATCH */)), [
    [_directive_scroll, _ctx.value, "top"]
  ])
}

===
name: directive with dynamic argument
options: default
--- INPUT ---
<div v-scroll:[direction]="value"></div>
--- OUTPUT ---
import { resolveDirective as _resolveDirective, withDirectives as _withDirectives, openBlock as _openBlock, createElementBlock as _createElementBlock } from "vue"

export function render(_ctx, _cache) {
  const _directive_scroll = _resolveDirective("scroll")

  return _withDirectives((_openBlock(), _createElementBlock("div", null, null, 512 /* NEED_PATCH */)), [
    [_directive_scroll, _ctx.value, _ctx.direction]
  ])
}

===
name: directive with modifier
options: default
--- INPUT ---
<div v-focus.lazy></div>
--- OUTPUT ---
import { resolveDirective as _resolveDirective, withDirectives as _withDirectives, openBlock as _openBlock, createElementBlock as _createElementBlock } from "vue"

export function render(_ctx, _cache) {
  const _directive_focus = _resolveDirective("focus")

  return _withDirectives((_openBlock(), _createElementBlock("div", null, null, 512 /* NEED_PATCH */)), [
    [
      _directive_focus,
      void 0,
      void 0,
      { lazy: true }
    ]
  ])
}

===
name: directive with multiple modifiers
options: default
--- INPUT ---
<div v-custom.a.b.c></div>
--- OUTPUT ---
import { resolveDirective as _resolveDirective, withDirectives as _withDirectives, openBlock as _openBlock, createElementBlock as _createElementBlock } from "vue"

export function render(_ctx, _cache) {
  const _directive_custom = _resolveDirective("custom")

  return _withDirectives((_openBlock(), _createElementBlock("div", null, null, 512 /* NEED_PATCH */)), [
    [
      _directive_custom,
      void 0,
      void 0,
      {
        a: true,
        b: true,
        c: true
      }
    ]
  ])
}

===
name: directive with arg and modifiers
options: default
--- INPUT ---
<div v-dir:arg.mod1.mod2="value"></div>
--- OUTPUT ---
import { resolveDirective as _resolveDirective, withDirectives as _withDirectives, openBlock as _openBlock, createElementBlock as _createElementBlock } from "vue"

export function render(_ctx, _cache) {
  const _directive_dir = _resolveDirective("dir")

  return _withDirectives((_openBlock(), _createElementBlock("div", null, null, 512 /* NEED_PATCH */)), [
    [
      _directive_dir,
      _ctx.value,
      "arg",
      {
        mod1: true,
        mod2: true
      }
    ]
  ])
}

===
name: multiple custom directives
options: default
--- INPUT ---
<div v-focus v-highlight></div>
--- OUTPUT ---
import { resolveDirective as _resolveDirective, withDirectives as _withDirectives, openBlock as _openBlock, createElementBlock as _createElementBlock } from "vue"

export function render(_ctx, _cache) {
  const _directive_focus = _resolveDirective("focus")
  const _directive_highlight = _resolveDirective("highlight")

  return _withDirectives((_openBlock(), _createElementBlock("div", null, null, 512 /* NEED_PATCH */)), [
    [_directive_focus],
    [_directive_highlight]
  ])
}

===
name: custom with built-in
options: default
--- INPUT ---
<div v-focus v-show="visible"></div>
--- OUTPUT ---
import { vShow as _vShow, resolveDirective as _resolveDirective, withDirectives as _withDirectives, openBlock as _openBlock, createElementBlock as _createElementBlock } from "vue"

export function render(_ctx, _cache) {
  const _directive_focus = _resolveDirective("focus")

  return _withDirectives((_openBlock(), _createElementBlock("div", null, null, 512 /* NEED_PATCH */)), [
    [_directive_focus],
    [_vShow, _ctx.visible]
  ])
}

===
name: directive on component
options: default
--- INPUT ---
<MyComponent v-focus />
--- OUTPUT ---
import { resolveComponent as _resolveComponent, resolveDirective as _resolveDirective, withDirectives as _withDirectives, openBlock as _openBlock, createBlock as _createBlock } from "vue"

export function render(_ctx, _cache) {
  const _component_MyComponent = _resolveComponent("MyComponent")
  const _directive_focus = _resolveDirective("focus")

  return _withDirectives((_openBlock(), _createBlock(_component_MyComponent, null, null, 512 /* NEED_PATCH */)), [
    [_directive_focus]
  ])
}

===
name: directive on component with props
options: default
--- INPUT ---
<MyComponent v-focus :prop="value" />
--- OUTPUT ---
import { resolveComponent as _resolveComponent, resolveDirective as _resolveDirective, withDirectives as _withDirectives, openBlock as _openBlock, createBlock as _createBlock } from "vue"

export function render(_ctx, _cache) {
  const _component_MyComponent = _resolveComponent("MyComponent")
  const _directive_focus = _resolveDirective("focus")

  return _withDirectives((_openBlock(), _createBlock(_component_MyComponent, { prop: _ctx.value }, null, 8 /* PROPS */, ["prop"])), [
    [_directive_focus]
  ])
}

===
name: v-html
options: default
--- INPUT ---
<div v-html="rawHtml"></div>
--- OUTPUT ---
import { openBlock as _openBlock, createElementBlock as _createElementBlock } from "vue"

export function render(_ctx, _cache) {
  return (_openBlock(), _createElementBlock("div", { innerHTML: _ctx.rawHtml }, null, 8 /* PROPS */, ["innerHTML"]))
}

===
name: v-text
options: default
--- INPUT ---
<div v-text="msg"></div>
--- OUTPUT ---
import { toDisplayString as _toDisplayString, openBlock as _openBlock, createElementBlock as _createElementBlock } from "vue"

export function render(_ctx, _cache) {
  return (_openBlock(), _createElementBlock("div", {
    textContent: _toDisplayString(_ctx.msg)
  }, null, 8 /* PROPS */, ["textContent"]))
}

===
name: v-html with static
options: default
--- INPUT ---
<div class="content" v-html="html"></div>
--- OUTPUT ---
import { openBlock as _openBlock, createElementBlock as _createElementBlock } from "vue"

export function render(_ctx, _cache) {
  return (_openBlock(), _createElementBlock("div", {
    class: "content",
    innerHTML: _ctx.html
  }, null, 8 /* PROPS */, ["innerHTML"]))
}

===
name: v-cloak
options: default
--- INPUT ---
<div v-cloak>{{ msg }}</div>
--- OUTPUT ---
import { toDisplayString as _toDisplayString, openBlock as _openBlock, createElementBlock as _createElementBlock } from "vue"

export function render(_ctx, _cache) {
  return (_openBlock(), _createElementBlock("div", null, _toDisplayString(_ctx.msg), 1 /* TEXT */))
}

===
name: v-pre
options: default
--- INPUT ---
<div v-pre>{{ this will not compile }}</div>
--- OUTPUT ---
import { openBlock as _openBlock, createElementBlock as _createElementBlock } from "vue"

export function render(_ctx, _cache) {
  return (_openBlock(), _createElementBlock("div", null, "{{ this will not compile }}"))
}

===
name: v-pre with children
options: default
--- INPUT ---
<div v-pre><span>{{ raw }}</span></div>
--- OUTPUT ---
import { createElementVNode as _createElementVNode, openBlock as _openBlock, createElementBlock as _createElementBlock } from "vue"

export function render(_ctx, _cache) {
  return (_openBlock(), _createElementBlock("div", null, [
    _createElementVNode("span", null, "{{ raw }}")
  ]))
}

===
name: v-pre with on-prefixed attribute
options: default
--- INPUT ---
<div v-pre test on-test is-on-test>content</div>
--- OUTPUT ---
import { openBlock as _openBlock, createElementBlock as _createElementBlock } from "vue"

const _hoisted_1 = {
  test: "",
  "on-test": "",
  "is-on-test": ""
}

export function render(_ctx, _cache) {
  return (_openBlock(), _createElementBlock("div", _hoisted_1, "content"))
}

===
name: v-pre should not process shorthand directives
options: default
--- INPUT ---
<div v-pre :id="dynamic" @click="handler">{{ raw }}</div>
--- OUTPUT ---
import { openBlock as _openBlock, createElementBlock as _createElementBlock } from "vue"

const _hoisted_1 = {
  ":id": "dynamic",
  "@click": "handler"
}

export function render(_ctx, _cache) {
  return (_openBlock(), _createElementBlock("div", _hoisted_1, "{{ raw }}"))
}

===
name: v-pre nested elements preserve attributes
options: default
--- INPUT ---
<div v-pre><span :class="cls" @click="fn">{{ raw }}</span></div>
--- OUTPUT ---
import { createElementVNode as _createElementVNode, openBlock as _openBlock, createElementBlock as _createElementBlock } from "vue"

export function render(_ctx, _cache) {
  return (_openBlock(), _createElementBlock("div", null, [...(_cache[0] || (_cache[0] = [
    _createElementVNode("span", {
      ":class": "cls",
      "@click": "fn"
    }, "{{ raw }}", -1 /* CACHED */)
  ]))]))
}
