---
source: crates/vize_croquis/src/script_parser/mod.rs
expression: output
---
=== Reactivity Losses ===
Total losses: 3

Loss #1: ReactiveDestructure { source_name: "state", destructured_props: ["count", "name"] }
  span: 76..81
Loss #2: RefValueExtract { source_name: "countRef", target_name: "value" }
  span: 121..135
Loss #3: ReactiveSpread { source_name: "state" }
  span: 152..160
