---
source: crates/vize_croquis/src/scope/types.rs
expression: "format!(\"Block: {}\\n\\\n             If: {}\\n\\\n             Else: {}\\n\\\n             For: {}\\n\\\n             ForIn: {}\\n\\\n             ForOf: {}\\n\\\n             While: {}\\n\\\n             DoWhile: {}\\n\\\n             Switch: {}\\n\\\n             Try: {}\\n\\\n             Catch: {}\\n\\\n             Finally: {}\\n\\\n             With: {}\",\nBlockKind::Block.as_str(), BlockKind::If.as_str(), BlockKind::Else.as_str(),\nBlockKind::For.as_str(), BlockKind::ForIn.as_str(), BlockKind::ForOf.as_str(),\nBlockKind::While.as_str(), BlockKind::DoWhile.as_str(),\nBlockKind::Switch.as_str(), BlockKind::Try.as_str(),\nBlockKind::Catch.as_str(), BlockKind::Finally.as_str(),\nBlockKind::With.as_str(),)"
---
Block: block
If: if
Else: else
For: for
ForIn: for-in
ForOf: for-of
While: while
DoWhile: do-while
Switch: switch
Try: try
Catch: catch
Finally: finally
With: with
