---
source: crates/vize_atelier_dom/tests/dom_snapshot.rs
expression: "get_compiled(r#\"<div><MyComponent v-show=\"visible\" /></div>\"#)"
---
const { openBlock: _openBlock, createElementBlock: _createElementBlock, createVNode: _createVNode, resolveComponent: _resolveComponent, withDirectives: _withDirectives, vShow: _vShow } = Vue

function render(_ctx, _cache, $props, $setup, $data, $options) {
  const _component_MyComponent = _resolveComponent("MyComponent")
  
  return (_openBlock(), _createElementBlock("div", null, [
    _withDirectives(_createVNode(_component_MyComponent, {  }), [
      [_vShow, visible]
    ])
  ]))
}
