===
name: script setup with template
options: sfc
--- INPUT ---
<script setup>
import { ref } from 'vue'
const count = ref(0)
</script>

<template>
  <div>{{ count }}</div>
</template>
--- OUTPUT ---
import { toDisplayString as _toDisplayString, openBlock as _openBlock, createElementBlock as _createElementBlock } from "vue"

import { ref } from 'vue'

export default {
  __name: 'test',
  setup(__props) {

const count = ref(0)

return (_ctx, _cache) => {
  return (_openBlock(), _createElementBlock("div", null, _toDisplayString(count.value), 1 /* TEXT */))
}
}

}
===
name: script setup with style
options: sfc
--- INPUT ---
<script setup>
const msg = 'hello'
</script>

<template>
  <div class="text">{{ msg }}</div>
</template>

<style>
.text { color: red; }
</style>
--- OUTPUT ---
import { toDisplayString as _toDisplayString, openBlock as _openBlock, createElementBlock as _createElementBlock } from "vue"

const _hoisted_1 = { class: "text" }

const msg = 'hello'

export default {
  __name: 'test',
  setup(__props) {


return (_ctx, _cache) => {
  return (_openBlock(), _createElementBlock("div", _hoisted_1, _toDisplayString(msg)))
}
}

}
===
name: script setup with scoped style
options: sfc
--- INPUT ---
<script setup>
const msg = 'hello'
</script>

<template>
  <div class="text">{{ msg }}</div>
</template>

<style scoped>
.text { color: red; }
</style>
--- OUTPUT ---
import { toDisplayString as _toDisplayString, openBlock as _openBlock, createElementBlock as _createElementBlock } from "vue"

const _hoisted_1 = { class: "text" }

const msg = 'hello'

export default {
  __name: 'test',
  setup(__props) {


return (_ctx, _cache) => {
  return (_openBlock(), _createElementBlock("div", _hoisted_1, _toDisplayString(msg)))
}
}

}
===
name: options API component
options: sfc
--- INPUT ---
<script>
export default {
  data() {
    return { msg: 'hello' }
  }
}
</script>

<template>
  <div>{{ msg }}</div>
</template>
--- OUTPUT ---
import { toDisplayString as _toDisplayString, openBlock as _openBlock, createElementBlock as _createElementBlock } from "vue"

export function render(_ctx, _cache) {
  return (_openBlock(), _createElementBlock("div", null, _toDisplayString(_ctx.msg), 1 /* TEXT */))
}

const _sfc_main = {
  data() {
    return { msg: 'hello' }
  }
}

_sfc_main.render = _sfc_render
export default _sfc_main
===
name: template only
options: sfc
--- INPUT ---
<template>
  <div>Hello World</div>
</template>
--- OUTPUT ---
import { openBlock as _openBlock, createElementBlock as _createElementBlock } from "vue"

export function render(_ctx, _cache) {
  return (_openBlock(), _createElementBlock("div", null, "Hello World"))
}
===
name: script and template
options: sfc
--- INPUT ---
<script>
export default { name: 'MyComponent' }
</script>

<template>
  <div>Component</div>
</template>
--- OUTPUT ---
import { openBlock as _openBlock, createElementBlock as _createElementBlock } from "vue"

export function render(_ctx, _cache) {
  return (_openBlock(), _createElementBlock("div", null, "Component"))
}

const _sfc_main = { name: 'MyComponent' }

_sfc_main.render = _sfc_render
export default _sfc_main
===
name: multiple style blocks
options: sfc
--- INPUT ---
<template>
  <div class="a b">Test</div>
</template>

<style>
.a { color: red; }
</style>

<style scoped>
.b { color: blue; }
</style>
--- OUTPUT ---
import { openBlock as _openBlock, createElementBlock as _createElementBlock } from "vue"

const _hoisted_1 = { class: "a b" }

export function render(_ctx, _cache) {
  return (_openBlock(), _createElementBlock("div", _hoisted_1, "Test"))
}
===
name: lang attributes
options: sfc
--- INPUT ---
<script setup lang="ts">
const count: number = 0
</script>

<template>
  <div>{{ count }}</div>
</template>

<style lang="scss">
.text { color: red; }
</style>
--- OUTPUT ---
import { defineComponent as _defineComponent } from 'vue'
import { toDisplayString as _toDisplayString, openBlock as _openBlock, createElementBlock as _createElementBlock } from "vue"

const count: number = 0

export default /*@__PURE__*/_defineComponent({
  __name: 'test',
  setup(__props) {


return (_ctx: any,_cache: any) => {
  return (_openBlock(), _createElementBlock("div", null, _toDisplayString(count)))
}
}

})
===
name: custom blocks
options: sfc
--- INPUT ---
<template>
  <div>Test</div>
</template>

<i18n>
{
  "en": { "hello": "Hello" },
  "ja": { "hello": "こんにちは" }
}
</i18n>
--- OUTPUT ---
import { openBlock as _openBlock, createElementBlock as _createElementBlock } from "vue"

export function render(_ctx, _cache) {
  return (_openBlock(), _createElementBlock("div", null, "Test"))
}
===
name: defineProps
options: sfc
--- INPUT ---
<script setup>
const props = defineProps(['msg'])
</script>

<template>
  <div>{{ props.msg }}</div>
</template>
--- OUTPUT ---
import { toDisplayString as _toDisplayString, openBlock as _openBlock, createElementBlock as _createElementBlock } from "vue"


export default {
  __name: 'test',
  props: ['msg'],
  setup(__props) {

const props = __props

return (_ctx, _cache) => {
  return (_openBlock(), _createElementBlock("div", null, _toDisplayString(props.msg), 1 /* TEXT */))
}
}

}
===
name: defineEmits
options: sfc
--- INPUT ---
<script setup>
const emit = defineEmits(['update'])
function onClick() {
  emit('update', 1)
}
</script>

<template>
  <button @click="onClick">Click</button>
</template>
--- OUTPUT ---
import { openBlock as _openBlock, createElementBlock as _createElementBlock } from "vue"


export default {
  __name: 'test',
  emits: ['update'],
  setup(__props, { emit: __emit }) {

const emit = __emit
function onClick() {
  emit('update', 1)
}

return (_ctx, _cache) => {
  return (_openBlock(), _createElementBlock("button", { onClick: onClick }, "Click"))
}
}

}
===
name: computed and watch
options: sfc
--- INPUT ---
<script setup>
import { ref, computed, watch } from 'vue'
const count = ref(0)
const double = computed(() => count.value * 2)
watch(count, (n) => console.log(n))
</script>

<template>
  <div>{{ double }}</div>
</template>
--- OUTPUT ---
import { toDisplayString as _toDisplayString, openBlock as _openBlock, createElementBlock as _createElementBlock } from "vue"

import { ref, computed, watch } from 'vue'

export default {
  __name: 'test',
  setup(__props) {

const count = ref(0)
const double = computed(() => count.value * 2)
watch(count, (n) => console.log(n))

return (_ctx, _cache) => {
  return (_openBlock(), _createElementBlock("div", null, _toDisplayString(double.value), 1 /* TEXT */))
}
}

}
