---
source: crates/vize_atelier_ssr/tests/ssr_snapshot.rs
expression: "compile_full(r#\"<div v-for=\"row in rows\"><span v-for=\"col in row\">{{ col }}</span></div>\"#)"
---
function ssrRender(_ctx, _push, _parent, _attrs) {
  _push(`<!--[-->`)
  _ssrRenderList(_ctx.rows, (row) => {
    _push(`<div>`)
    _push(`<!--[-->`)
    _ssrRenderList(row, (col) => {
      _push(`<span>${_ssrInterpolate(col)}</span>`)
    })
    _push(`<!--]-->`)
    _push(`</div>`)
  })
  _push(`<!--]-->`)
}
