---
source: crates/vize_atelier_ssr/tests/ssr_snapshot.rs
expression: "compile_full(r#\"<div v-for=\"(item, key) in list\">{{ item }} - {{ key }}</div>\"#)"
---
function ssrRender(_ctx, _push, _parent, _attrs) {
  _push(`<!--[-->`)
  _ssrRenderList(_ctx.list, (item, key) => {
    _push(`<div>${_ssrInterpolate(item)} - ${_ssrInterpolate(key)}</div>`)
  })
  _push(`<!--]-->`)
}
