---
source: crates/vue_compiler_sfc/src/snapshot_tests.rs
assertion_line: 126
expression: ts_output
---
import { defineComponent } from 'vue'
import { openBlock as _openBlock, createElementBlock as _createElementBlock, toDisplayString as _toDisplayString } from "vue"

import { ref } from 'vue'

export default defineComponent({
  name: 'test',
  setup(__props) {

const count = ref(0)

return (_ctx, _cache) => {
  return (_openBlock(), _createElementBlock("div", null, _toDisplayString(count.value), 1 /* TEXT */))
}
}

})
