---
source: crates/vize_atelier_sfc/src/snapshot_tests.rs
assertion_line: 173
expression: ts_output
---
import { defineComponent as _defineComponent } from 'vue'
import { openBlock as _openBlock, createElementBlock as _createElementBlock, toDisplayString as _toDisplayString } from "vue"


const _hoisted_1 = { class: "text", "data-v-a6e04d40": "" }
const msg = 'hello'

export default /*@__PURE__*/_defineComponent({
  __name: 'test',
  setup(__props) {


return (_ctx: any,_cache: any) => {
  return (_openBlock(), _createElementBlock("div", _hoisted_1, _toDisplayString(msg)))
}
}

})
