---
source: crates/vize_atelier_sfc/src/snapshot_tests.rs
expression: ts_output.as_str()
---
import { defineComponent as _defineComponent } from 'vue'
import { openBlock as _openBlock, createElementBlock as _createElementBlock, createCommentVNode as _createCommentVNode, renderSlot as _renderSlot } from "vue"

import { ref } from 'vue'

export default /*@__PURE__*/_defineComponent({
  __name: 'test',
  setup(__props) {

const showing = ref(false)

return (_ctx: any,_cache: any) => {
  return (_openBlock(), _createElementBlock("div", null, [ (showing.value) ? _renderSlot(_ctx.$slots, "default", { key: 0}) : _renderSlot(_ctx.$slots, "fallback", { key: 1}) ]))
}
}

})
