---
source: crates/vize_atelier_sfc/src/snapshot_tests.rs
assertion_line: 196
expression: ts_output
---
import { defineComponent as _defineComponent } from 'vue'
import { openBlock as _openBlock, createElementBlock as _createElementBlock } from "vue"


const _hoisted_1 = { title: "Hello &quot;World&quot;" }

export default /*@__PURE__*/_defineComponent({
  __name: 'test',
  setup(__props) {


return (_ctx: any,_cache: any) => {
  return (_openBlock(), _createElementBlock("div", _hoisted_1, "Content"))
}
}

})
