---
source: crates/vize_atelier_sfc/src/snapshot_tests.rs
expression: ts_output
---
import { defineComponent as _defineComponent } from 'vue'
import { openBlock as _openBlock, createBlock as _createBlock, createCommentVNode as _createCommentVNode, resolveComponent as _resolveComponent } from "vue"

import { ref } from 'vue'

export default /*@__PURE__*/_defineComponent({
  __name: 'test',
  setup(__props) {

const show = ref(true)

return (_ctx: any,_cache: any) => {
  const _component_router_link = _resolveComponent("router-link")

  return (show.value)
      ? (_openBlock(), _createBlock(_component_router_link, {
        key: 0,
        to: "/"
      }))
      : _createCommentVNode("v-if", true)
}
}

})
