---
source: crates/vize_atelier_sfc/src/snapshot_tests.rs
assertion_line: 196
expression: ts_output
---
import { defineComponent as _defineComponent } from 'vue'
import { openBlock as _openBlock, createBlock as _createBlock } from "vue"

import DefaultComponent from './Default.vue'

export default /*@__PURE__*/_defineComponent({
  __name: 'test',
  setup(__props) {


return (_ctx: any,_cache: any) => {
  return (_openBlock(), _createBlock(DefaultComponent))
}
}

})
