---
source: crates/vize_atelier_sfc/src/snapshot_tests.rs
assertion_line: 169
expression: ts_output
---
import { openBlock as _openBlock, createElementBlock as _createElementBlock, normalizeStyle as _normalizeStyle } from "vue"

import { defineComponent as _defineComponent } from "vue";
import { ref } from "vue";
const __sfc__ = /*@__PURE__*/ _defineComponent({
  __name: "test",
  setup(__props, { expose: __expose, emit: __emit }) {
    __expose();
    const width = ref(100);
    const height = ref(50);
    const __returned__ = {
      height,
      ref,
      width
    };
    Object.defineProperty(__returned__, "__isScriptSetup", {
      enumerable: false,
      value: true
    });
    return __returned__;
  }
});

export function render(_ctx, _cache, $props, $setup, $data, $options) {
  return (_openBlock(), _createElementBlock("div", {
    style: _normalizeStyle({ width: $setup.width, height: $setup.height })
  }, "Styled", 4 /* STYLE */))
}

__sfc__.render = render
export default __sfc__
