---
source: crates/vize_atelier_sfc/src/snapshot_tests.rs
assertion_line: 196
expression: ts_output
---
import { defineComponent as _defineComponent } from 'vue'
import { openBlock as _openBlock, createBlock as _createBlock, createElementVNode as _createElementVNode, toDisplayString as _toDisplayString, withCtx as _withCtx } from "vue"

import DataTable from './DataTable.vue'

export default /*@__PURE__*/_defineComponent({
  __name: 'test',
  setup(__props) {


return (_ctx: any,_cache: any) => {
  return (_openBlock(), _createBlock(DataTable, null, {
      "item-header": _withCtx(({ item }) => [
        _createElementVNode("span", null, _toDisplayString(item.title), 1 /* TEXT */)
      ]),
      _: 1 /* STABLE */
    }))
}
}

})
