---
source: crates/vize_atelier_sfc/src/snapshot_tests.rs
expression: ts_output.as_str()
---
import { defineComponent as _defineComponent } from 'vue'
import { openBlock as _openBlock, createElementBlock as _createElementBlock, resolveDirective as _resolveDirective, withDirectives as _withDirectives } from "vue"

import { vElementHover } from '@vueuse/components'

export default /*@__PURE__*/_defineComponent({
  __name: 'test',
  setup(__props) {


return (_ctx: any,_cache: any) => {
  const _directive_element_hover = vElementHover

  return _withDirectives((_openBlock(), _createElementBlock("div", null, null, 512 /* NEED_PATCH */)), [ [_directive_element_hover, () => {}] ])
}
}

})
