---
source: crates/vize_atelier_sfc/src/snapshot_tests.rs
assertion_line: 196
expression: ts_output
---
import { mergeDefaults as _mergeDefaults } from 'vue'
import { defineComponent as _defineComponent } from 'vue'
import { openBlock as _openBlock, createElementBlock as _createElementBlock, normalizeClass as _normalizeClass } from "vue"


export default /*@__PURE__*/_defineComponent({
  __name: 'test',
  props: {
    color: { type: String, required: false, default: "primary" },
    size: { type: String, required: false, default: "medium" }
  },
  setup(__props: any) {


return (_ctx: any,_cache: any) => {
  return (_openBlock(), _createElementBlock("div", { class: _normalizeClass([__props.color, __props.size]) }, "Styled", 2 /* CLASS */))
}
}

})
