---
source: crates/vize_atelier_sfc/src/snapshot_tests.rs
assertion_line: 150
expression: ts_output
---
import { mergeDefaults as _mergeDefaults } from 'vue'
import { defineComponent as _defineComponent } from 'vue'
import { openBlock as _openBlock, createElementBlock as _createElementBlock, toDisplayString as _toDisplayString } from "vue"


export default /*@__PURE__*/_defineComponent({
  __name: 'test',
  props: /*@__PURE__*/_mergeDefaults(['msg', 'count'], {
  count: 0
}),
  setup(__props: any) {


return (_ctx: any,_cache: any) => {
  return (_openBlock(), _createElementBlock("div", null, _toDisplayString(__props.msg) + " " + _toDisplayString(__props.count), 1 /* TEXT */))
}
}

})
