---
source: crates/vize_atelier_sfc/src/snapshot_tests.rs
assertion_line: 150
expression: ts_output
---
import { defineComponent as _defineComponent } from 'vue'
import { openBlock as _openBlock, createElementBlock as _createElementBlock } from "vue"


interface Props {
  outlined?: boolean;
  disabled?: boolean;
  on?: Object;
  height?: number | string;
  color?: string;
}

export default /*@__PURE__*/_defineComponent({
  __name: 'test',
  props: {
    outlined: { type: Boolean, required: false, default: false },
    disabled: { type: Boolean, required: false, default: false },
    on: { type: Object, required: false, default: undefined },
    height: { type: Number, required: false, default: '2rem' },
    color: { type: String, required: false, default: 'primary' }
  },
  setup(__props: any) {


return (_ctx: any,_cache: any) => {
  return (_openBlock(), _createElementBlock("button", { disabled: __props.disabled }, "Click", 8 /* PROPS */, ["disabled"]))
}
}

})
