---
source: crates/vue_compiler_sfc/src/snapshot_tests.rs
expression: ts_output
---
import { defineComponent, PropType } from 'vue'
import { openBlock as _openBlock, createElementBlock as _createElementBlock, createCommentVNode as _createCommentVNode } from "vue"


export default defineComponent({
  name: 'test',
  props: {
    context: { type: Object as PropType<{
    open(): void
    close(): void
    isOpened: boolean
  }>, required: true },
  },
  setup(__props) {


return (_ctx, _cache) => {
  return (__props.context.isOpened)
}
}

})
