---
source: crates/vue_compiler_sfc/src/snapshot_tests.rs
assertion_line: 98
expression: ts_output
---
import { defineComponent } from 'vue'
import { openBlock as _openBlock, createElementBlock as _createElementBlock, toDisplayString as _toDisplayString, unref as _unref } from "vue"


const a = 1

export default defineComponent({
  name: 'test',
  setup(__props) {

let b = 2
var c = 3

return (_ctx, _cache) => {
  return (_openBlock(), _createElementBlock("div", null, _toDisplayString(a) + " " + _toDisplayString(_unref(b)) + " " + _toDisplayString(_unref(c)), 1 /* TEXT */))
}
}

})
