---
source: crates/vize_atelier_sfc/src/snapshot_tests.rs
assertion_line: 150
expression: ts_output
---
import { defineComponent as _defineComponent } from 'vue'
import { openBlock as _openBlock, createElementBlock as _createElementBlock, createCommentVNode as _createCommentVNode, toDisplayString as _toDisplayString } from "vue"


export default /*@__PURE__*/_defineComponent({
  __name: 'test',
  setup(__props) {

const { data, error } = await useFetch('/api/data')

return (_ctx: any,_cache: any) => {
  return (error)
      ? (_openBlock(), _createElementBlock("div", { key: 0 }, "Error: " + _toDisplayString(error), 1 /* TEXT */))
      : (_openBlock(), _createElementBlock("div", { key: 1 }, _toDisplayString(data), 1 /* TEXT */))
}
}

})
