---
source: crates/vue_compiler_sfc/src/snapshot_tests.rs
expression: ts_output
---
import { defineComponent, PropType } from 'vue'
import { openBlock as _openBlock, createElementBlock as _createElementBlock } from "vue"


export default defineComponent({
  name: 'test',
  setup(__props) {

const props = __props

return (_ctx, _cache) => {
  return (_openBlock(), _createElementBlock("div", { onClick: props.refreshMethod(() => {}) }, "Refresh", 8 /* PROPS */, ["onClick"]))
}
}

})
