---
source: crates/vize_atelier_sfc/src/snapshot_tests.rs
assertion_line: 150
expression: ts_output
---
import { defineComponent as _defineComponent } from 'vue'
import { openBlock as _openBlock, createElementBlock as _createElementBlock } from "vue"


interface Props {
  refreshMethod: (loaded: Function) => Promise<void> | void;
}

export default /*@__PURE__*/_defineComponent({
  __name: 'test',
  props: {
    refreshMethod: { type: Object, required: true }
  },
  setup(__props: any) {

const props = __props

return (_ctx: any,_cache: any) => {
  return (_openBlock(), _createElementBlock("div", { onClick: _cache[0] || (_cache[0] = props.refreshMethod(() => {})) }, "Refresh"))
}
}

})
