---
source: crates/vue_compiler_sfc/src/snapshot_tests.rs
expression: ts_output
---
import { defineComponent } from 'vue'
import { openBlock as _openBlock, createElementBlock as _createElementBlock, toDisplayString as _toDisplayString } from "vue"

import { computed } from 'vue';
import { useRoute } from 'vue-router';

export default defineComponent({
  name: 'test',
  setup(__props) {

const route = useRoute();
const studentId = computed(() =>
  route.params.studentId ? parseInt(route.params.studentId) : null
);

return (_ctx, _cache) => {
  return (_openBlock(), _createElementBlock("div", null, _toDisplayString(studentId.value), 1 /* TEXT */))
}
}

})
