---
source: crates/vize_atelier_sfc/src/snapshot_tests.rs
expression: ts_output
---
import { defineComponent } from 'vue'
import { openBlock as _openBlock, createElementBlock as _createElementBlock, toDisplayString as _toDisplayString, unref as _unref } from "vue"


export default defineComponent({
  name: 'test',
  setup(__props) {

const variant: ButtonVariant = { type: 'link', href: '/home' };

return (_ctx, _cache) => {
  return (_openBlock(), _createElementBlock("div", null, _toDisplayString(_unref(variant).type), 1 /* TEXT */))
}
}

})
