---
source: crates/vize_atelier_sfc/src/snapshot_tests.rs
expression: ts_output
---
import { defineComponent } from 'vue'
import { Fragment as _Fragment, openBlock as _openBlock, createElementBlock as _createElementBlock, renderList as _renderList, toDisplayString as _toDisplayString, unref as _unref } from "vue"

import { PRESETS } from './constants'

export default defineComponent({
  name: 'test',
  setup(__props) {


return (_ctx, _cache) => {
  return (_openBlock(true), _createElementBlock(_Fragment, null, _renderList(_unref(PRESETS), (preset) => { return (_openBlock(), _createElementBlock("div", { key: preset.name }, "\n    " + _toDisplayString(preset.label) + "\n  ", 1 /* TEXT */)) }), 128 /* KEYED_FRAGMENT */))
}
}

})
