---
source: crates/vue_compiler_sfc/src/snapshot_tests.rs
assertion_line: 98
expression: ts_output
---
import { mergeDefaults as _mergeDefaults } from 'vue'
import { defineComponent, PropType } from 'vue'
import { openBlock as _openBlock, createElementBlock as _createElementBlock, renderSlot as _renderSlot, normalizeClass as _normalizeClass } from "vue"


export default defineComponent({
  name: 'test',
  props: {
    appearance: { type: String as PropType<"filled" | "outlined">, required: false, default: "filled" },
    color: { type: String as PropType<"primary" | "success" | "inactive">, required: false, default: "primary" },
  },
  setup(__props) {


return (_ctx, _cache) => {
  return (_openBlock(), _createElementBlock("span", { class: _normalizeClass([__props.color, __props.appearance]) }, [ _renderSlot(_ctx.$slots, "default") ], 2 /* CLASS */))
}
}

})
