---
source: crates/vize_atelier_sfc/src/snapshot_tests.rs
assertion_line: 150
expression: ts_output
---
import { defineComponent as _defineComponent } from 'vue'
import { openBlock as _openBlock, createElementBlock as _createElementBlock, toDisplayString as _toDisplayString } from "vue"


type SortType = typeof SORT_TYPES[number]['value'];

export default /*@__PURE__*/_defineComponent({
  __name: 'test',
  setup(__props) {

const SORT_TYPES = [
  { text: 'Latest', value: 'DESC' },
  { text: 'Oldest', value: 'ASC' }
] as const;
const sortType = ref<SortType>('DESC');

return (_ctx: any,_cache: any) => {
  return (_openBlock(), _createElementBlock("div", null, _toDisplayString(sortType.value), 1 /* TEXT */))
}
}

})
