---
source: crates/vize_croquis/src/analyzer/mod.rs
expression: output
---
=== Provides ===
  key: String("theme")
  key: String("counter")
  key: Symbol("KEY")

=== Injects ===
  key: String("theme"), has_default: false, pattern: Simple
  key: String("locale"), has_default: true, pattern: Simple
  key: String("user"), has_default: false, pattern: ObjectDestructure(["name", "id"])
