---
source: crates/vize_atelier_sfc/src/snapshot_tests.rs
expression: js_output
---
import { mergeDefaults as _mergeDefaults } from 'vue'
import { defineComponent as _defineComponent, type PropType } from 'vue'
import { openBlock as _openBlock, createElementBlock as _createElementBlock, normalizeClass as _normalizeClass } from "vue"


export default /*@__PURE__*/_defineComponent({
  __name: 'test',
  props: {
    color: { type: String as PropType<"primary" | "secondary">, required: false, default: "primary" },
    size: { type: String as PropType<"small" | "medium" | "large">, required: false, default: "medium" }
  },
  setup(__props) {


return (_ctx: any,_cache: any) => {
  return (_openBlock(), _createElementBlock("div", {
      class: _normalizeClass([__props.color, __props.size])
    }, "Styled", 2 /* CLASS */))
}
}

})
