---
source: crates/vize_atelier_sfc/src/snapshot_tests.rs
assertion_line: 219
expression: js_output
---
import { openBlock as _openBlock, createBlock as _createBlock, createCommentVNode as _createCommentVNode } from "vue"

import { ref } from 'vue'
import MyInput from './MyInput.vue'

export default {
  __name: 'test',
  setup(__props) {

const visible = ref(true)
const value = ref('')

return (_ctx, _cache) => {
  return (visible.value)
      ? (_openBlock(), _createBlock(MyInput, {
        key: 0,
        modelValue: value.value,
        "onUpdate:modelValue": _cache[0] || (_cache[0] = $event => ((value).value = $event))
      }))
      : _createCommentVNode("v-if", true)
}
}

}
