---
source: crates/vize_atelier_sfc/src/snapshot_tests.rs
expression: js_output
---
import { openBlock as _openBlock, createBlock as _createBlock, createTextVNode as _createTextVNode, withCtx as _withCtx } from "vue"

import { defineComponent as _defineComponent } from "vue";
import Layout from "./Layout.vue";
const __sfc__ = /*@__PURE__*/ _defineComponent({
  __name: "test",
  setup(__props, { expose: __expose, emit: __emit }) {
    __expose();
    const __returned__ = { Layout };
    Object.defineProperty(__returned__, "__isScriptSetup", {
      enumerable: false,
      value: true
    });
    return __returned__;
  }
});

export function render(_ctx, _cache, $props, $setup, $data, $options) {
  return (_openBlock(), _createBlock($setup.Layout, null, {
    header: _withCtx(() => [
      _createTextVNode("Regular")
    ]),
    "main-content": _withCtx(() => [
      _createTextVNode("Hyphenated")
    ]),
    footer: _withCtx(() => [
      _createTextVNode("Regular Again")
    ]),
    _: 1 /* STABLE */
  }))
}

__sfc__.render = render
export default __sfc__
