---
source: crates/vize_atelier_sfc/src/snapshot_tests.rs
assertion_line: 219
expression: js_output
---
import { openBlock as _openBlock, createBlock as _createBlock, createCommentVNode as _createCommentVNode, unref as _unref } from "vue"

import { defineComponent as _defineComponent } from "vue";
import PatinaPlayground from "./PatinaPlayground.vue";
const __sfc__ = /*@__PURE__*/ _defineComponent({
  __name: "test",
  setup(__props, { expose: __expose, emit: __emit }) {
    __expose();
    const show = true;
    const compiler = {};
    const __returned__ = {
      PatinaPlayground,
      compiler,
      show
    };
    Object.defineProperty(__returned__, "__isScriptSetup", {
      enumerable: false,
      value: true
    });
    return __returned__;
  }
});

export function render(_ctx, _cache, $props, $setup, $data, $options) {
  return ($setup.show)
    ? (_openBlock(), _createBlock($setup.PatinaPlayground, {
      key: 0,
      compiler: _unref($setup.compiler)
    }))
    : _createCommentVNode("v-if", true)
}

__sfc__.render = render
export default __sfc__
