---
source: crates/vize_atelier_sfc/src/snapshot_tests.rs
assertion_line: 219
expression: js_output
---
import { defineComponent as _defineComponent } from 'vue'
import { openBlock as _openBlock, createElementBlock as _createElementBlock, toDisplayString as _toDisplayString, unref as _unref } from "vue"

import { useStore } from 'vuex'

interface RootState {
  count: number
}

export default /*@__PURE__*/_defineComponent({
  __name: 'test',
  setup(__props) {

const store = useStore<RootState>()

return (_ctx: any,_cache: any) => {
  return (_openBlock(), _createElementBlock("div", null, _toDisplayString(_unref(store).state.count), 1 /* TEXT */))
}
}

})
